// Jest Snapshot v1, https://goo.gl/fbAQLP

exports[`Test for Missions components Check if the Missions section are available 1`] = `
<div
  className="missionTable"
>
  <table>
    <tbody>
      <tr>
        <th>
          Mission
        </th>
        <th>
          Description
        </th>
        <th>
          Status
        </th>
        <th>
           
        </th>
      </tr>
    </tbody>
  </table>
</div>
`;
